true
false
false
true
false
false
false
false
false
false
true
true
false
true
true
true
true
true