IDENTIFIER andy null
IDENTIFIER formless null
IDENTIFIER fo null
IDENTIFIER _ null
IDENTIFIER _123 null
IDENTIFIER _abc null
IDENTIFIER ab123 null
IDENTIFIER abcdefghijklmnopqrstuvwxyzABCDEFGHIJKLMNOPQRSTUVWXYZ1234567890_ null
EOF  null