AND and null
CLASS class null
ELSE else null
FALSE false null
FOR for null
FUN fun null
IF if null
NIL nil null
OR or null
RETURN return null
SUPER super null
THIS this null
TRUE true null
VAR var null
WHILE while null
EOF  null