NUMBER 123 123.0
NUMBER 123.456 123.456
DOT . null
NUMBER 456 456.0
NUMBER 123 123.0
DOT . null
EOF  null