IDENTIFIER space null
IDENTIFIER tabs null
IDENTIFIER newlines null
IDENTIFIER end null
EOF  null